/root/quant/data/storage.py:155: FutureWarning: The behavior of DataFrame concatenation with empty or all-NA entries is deprecated. In a future version, this will no longer exclude empty or all-NA columns when determining the result dtypes. To retain the old behavior, exclude the relevant entries before the concat operation.
  result = pd.concat(frames).sort_values("date")
/root/quant/data/storage.py:155: FutureWarning: The behavior of DataFrame concatenation with empty or all-NA entries is deprecated. In a future version, this will no longer exclude empty or all-NA columns when determining the result dtypes. To retain the old behavior, exclude the relevant entries before the concat operation.
  result = pd.concat(frames).sort_values("date")
面板: (1951, 5346), 首日2018-11-27, 窗口首日前的bar数: 24
窗口首个调仓日(预期): 2019-01-15
净值首次偏离现金收益的日期: 2019-01-02
自检(a): ❌ 不一致
自检(b): 窗口首日前面板bar数=24 (≥20根可算vol20/MA10/MA200) → ✅
  601318: 窗口首调仓日vol20=1.36% (数据范围 2018-12-17~2019-01-15, 全部≤调仓日, 含10根窗口前)
  600030: 窗口首调仓日vol20=2.20% (数据范围 2018-12-24~2019-01-15, 全部≤调仓日, 含1根窗口前)
  600519: 窗口首调仓日vol20=2.11% (数据范围 2018-12-17~2019-01-15, 全部≤调仓日, 含10根窗口前)

=== main @ 重跑 ===
面板: (2195, 5350), 首日2017-11-27, 窗口首日前的bar数: 268
窗口首个调仓日(预期): 2019-01-15
净值首次偏离现金收益(>1e-06)的日期: 2019-02-28
自检(a): ❌ 不一致(预期成交日=2019-01-15)
自检(b): 预窗口bar数268 ≥20(vol20/MA10/成交额20日均可算) ✅
  601318: 首调仓日vol20窗口数据范围 2018-12-13~2019-01-14 (全部≤2019-01-15, 含12根窗口前) n=20 ✅
  600030: 首调仓日vol20窗口数据范围 2018-12-13~2019-01-14 (全部≤2019-01-15, 含12根窗口前) n=13 ✅
  600519: 首调仓日vol20窗口数据范围 2018-12-13~2019-01-14 (全部≤2019-01-15, 含12根窗口前) n=20 ✅
自检(c): ❌ 预加载段量纲异常 57只: [('601318', 268, 268), ('600030', 26, 26), ('600519', 268, 268), ('000063', 229, 229), ('600036', 268, 268), ('000651', 268, 268), ('600276', 268, 268), ('600776', 268, 268)]

=== main @ 重跑 ===
面板: (2195, 5350), 首日2017-11-27, 窗口首日前的bar数: 268
窗口首个调仓日(预期): 2019-01-15
净值首次偏离现金收益(>1e-06)的日期: 2019-02-28
  ①预窗口bar数268 ≥250 ✅
  ②首笔成交日=2019-02-28 vs 首个目标仓位>0.3调仓日=None ❌
  ③首笔成交日早于窗口内第250根bar(2020-01-09) ✅
  引擎trades=3841 tier切换=254
自检(a): ❌ 不一致(见上)
自检(b): 预窗口bar数268 ≥20(vol20/MA10/成交额20日均可算) ✅
  601318: 首调仓日vol20窗口数据范围 2018-12-13~2019-01-14 (全部≤2019-01-15, 含12根窗口前) n=20 ✅
  600030: 首调仓日vol20窗口数据范围 2018-12-13~2019-01-14 (全部≤2019-01-15, 含12根窗口前) n=13 ✅
  600519: 首调仓日vol20窗口数据范围 2018-12-13~2019-01-14 (全部≤2019-01-15, 含12根窗口前) n=20 ✅
自检(c): ❌ 预加载段量纲异常 1只: [('002594', 268, 268)]

=== main @ 重跑 ===
面板: (2195, 5350), 首日2017-11-27, 窗口首日前的bar数: 268
窗口首个调仓日(预期): 2019-01-15
净值首次偏离现金收益(>1e-06)的日期: 2019-02-28
  ①预窗口bar数268 ≥250 ✅
  ②首笔成交日=2019-02-28 vs 首个目标仓位>0.3调仓日=2017-11-27 ❌
  ③首笔成交日早于窗口内第250根bar(2020-01-09) ✅
  引擎trades=3841 tier切换=254
自检(a): ❌ 不一致(见上)
自检(b): 预窗口bar数268 ≥20(vol20/MA10/成交额20日均可算) ✅
  601318: 首调仓日vol20窗口数据范围 2018-12-13~2019-01-14 (全部≤2019-01-15, 含12根窗口前) n=20 ✅
  600030: 首调仓日vol20窗口数据范围 2018-12-13~2019-01-14 (全部≤2019-01-15, 含12根窗口前) n=13 ✅
  600519: 首调仓日vol20窗口数据范围 2018-12-13~2019-01-14 (全部≤2019-01-15, 含12根窗口前) n=20 ✅
自检(c): ✅ 预加载段量纲抽检(池60只, 段内稳定+跨段连续+全局∈[0.05,20])全过
  ⚠️ 预加载段覆盖<150根bar的池内票6只(指标降级不阻塞): [('600030', 1), ('002252', 16), ('601162', 51), ('002941', 23), ('603220', 32), ('603185', 1)]

=== main @ 重跑 ===
面板: (2195, 5350), 首日2017-11-27, 窗口首日前的bar数: 268
窗口首个调仓日(预期): 2019-01-15
净值首次偏离现金收益(>1e-06)的日期: 2019-02-28
  ①预窗口bar数268 ≥250 ✅
  ②首笔成交日=2019-02-28 vs 首个目标仓位>0.3调仓日=2019-02-13 ❌
  ③首笔成交日早于窗口内第250根bar(2020-01-09) ✅
  引擎trades=3841 tier切换=254
自检(a): ❌ 不一致(见上)
自检(b): 预窗口bar数268 ≥20(vol20/MA10/成交额20日均可算) ✅
  601318: 首调仓日vol20窗口数据范围 2018-12-13~2019-01-14 (全部≤2019-01-15, 含12根窗口前) n=20 ✅
  600030: 首调仓日vol20窗口数据范围 2018-12-13~2019-01-14 (全部≤2019-01-15, 含12根窗口前) n=13 ✅
  600519: 首调仓日vol20窗口数据范围 2018-12-13~2019-01-14 (全部≤2019-01-15, 含12根窗口前) n=20 ✅
自检(c): ✅ 预加载段量纲抽检(池60只, 段内稳定+跨段连续+全局∈[0.05,20])全过
  ⚠️ 预加载段覆盖<150根bar的池内票6只(指标降级不阻塞): [('600030', 1), ('002252', 16), ('601162', 51), ('002941', 23), ('603220', 32), ('603185', 1)]

=== main @ 重跑 ===
面板: (2195, 5350), 首日2017-11-27, 窗口首日前的bar数: 268
窗口首个调仓日(预期): 2019-01-15
净值首次偏离现金收益(>1e-06)的日期: 2019-02-28
  ①预窗口bar数268 ≥250 ✅
  ②首笔成交日=2019-02-28 vs 首个目标仓位>0.3调仓日=2019-02-28 ✅
  ③首笔成交日早于窗口内第250根bar(2020-01-09) ✅
  引擎trades=3841 tier切换=254
自检(a): ✅ 预加载生效, 成交=档位驱动无暖机延迟
自检(b): 预窗口bar数268 ≥20(vol20/MA10/成交额20日均可算) ✅
  601318: 首调仓日vol20窗口数据范围 2018-12-13~2019-01-14 (全部≤2019-01-15, 含12根窗口前) n=20 ✅
  600030: 首调仓日vol20窗口数据范围 2018-12-13~2019-01-14 (全部≤2019-01-15, 含12根窗口前) n=13 ✅
  600519: 首调仓日vol20窗口数据范围 2018-12-13~2019-01-14 (全部≤2019-01-15, 含12根窗口前) n=20 ✅
自检(c): ✅ 预加载段量纲抽检(池60只, 段内稳定+跨段连续+全局∈[0.05,20])全过
  ⚠️ 预加载段覆盖<150根bar的池内票6只(指标降级不阻塞): [('600030', 1), ('002252', 16), ('601162', 51), ('002941', 23), ('603220', 32), ('603185', 1)]

=== oos @ 重跑 ===
面板: (1245, 3244), 首日2013-11-27, 窗口首日前的bar数: 270
窗口首个调仓日(预期): 2015-01-15
净值首次偏离现金收益(>1e-06)的日期: 2015-01-15
  ①预窗口bar数270 ≥250 ✅
  ②首笔成交日=2015-01-15 vs 首个目标仓位>0.3调仓日=2015-01-15 ✅
  ③首笔成交日早于窗口内第250根bar(2016-01-11) ✅
  引擎trades=1958 tier切换=86
自检(a): ✅ 预加载生效, 成交=档位驱动无暖机延迟
自检(b): 预窗口bar数270 ≥20(vol20/MA10/成交额20日均可算) ✅
  002024: 首调仓日vol20窗口数据范围 2014-12-15~2015-01-14 (全部≤2015-01-15, 含13根窗口前) n=20 ✅
  000333: 首调仓日vol20窗口数据范围 2014-12-15~2015-01-14 (全部≤2015-01-15, 含13根窗口前) n=20 ✅
  000425: 首调仓日vol20窗口数据范围 2014-12-15~2015-01-14 (全部≤2015-01-15, 含13根窗口前) n=20 ✅
自检(c): ✅ 预加载段量纲抽检(池60只, 段内稳定+跨段连续+全局∈[0.05,20])全过
  ⚠️ 预加载段覆盖<150根bar的池内票5只(指标降级不阻塞): [('000612', 89), ('600497', 88), ('300037', 84), ('600571', 81), ('300352', 97)]
