[Q1a] 快照消失名单: 1297只 (含指数调出, 非纯退市; last_seen=快照日)
  [('000008', '2022-06-30'), ('000011', '2021-06-30'), ('000012', '2025-06-30'), ('000016', '2022-12-30'), ('000021', '2025-06-30'), ('000025', '2021-06-30'), ('000030', '2025-06-30'), ('000036', '2020-06-30'), ('000037', '2019-12-31'), ('000040', '2019-12-31'), ('000042', '2021-06-30'), ('000043', '2019-12-31')]

[Q1b] baostock有日线但不在stock_info_full(已退市/更名/合并): 661只
  ['000003', '000004', '000005', '000013', '000015', '000018', '000022', '000023', '000033', '000038', '000040', '000041', '000043', '000044', '000046', '000047', '000051', '000052', '000053', '000054']

[Q1] 归档冻结前已退市样本(247只)中, 本地晚于baostock末日>10日(残留嫌疑): 0只
[Q1] 其中本地无数据(纯幸存者样本缺失): 247只

[Q2] 引擎退市出清语义(backtest_engine.py 代码路径判定):
  Step1 MTM: cp为NaN(退市后无价)→该日持仓不计盈亏, 价格冻结在最后价
  Step2 止损/MA10: cp为NaN→continue, 永不触发卖出
  Step4 调仓: 退市票不在新池→权重从cur_weights静默消失:
    - 不按0计亏损(非-100%强平)
    - 不付卖出佣金(换手口径低估)
    - 前值也不计入: 最后可得价冻结至调仓日, 调仓日之后=白赚最后一段
  结论: 语义=『最后交易价冻结→下次调仓静默消失』, 退市亏损在回测中被低估
  (对照 backtest_smallcap.py: 按最后可得价强制清仓=如实计退市亏损, 口径更严)

[Q3] 退市整理期成交额检查(真退市样本中, 抽末日最晚的5只):
  000851 最后60日成交额: 均值3,232万 峰值19,767万 末日2025-11-10 末日额nan万
  300280 最后60日成交额: 均值1,002万 峰值3,566万 末日2025-10-13 末日额1,112万
  000627 最后60日成交额: 均值31,974万 峰值70,039万 末日2025-09-29 末日额nan万
  601989 最后60日成交额: 均值148,846万 峰值609,295万 末日2025-09-04 末日额nan万
  600190 最后60日成交额: 均值2,348万 峰值8,253万 末日2025-07-24 末日额nan万